PHPUnit 13.0.5 by Sebastian Bergmann and contributors.

Runtime:       PHP 8.5.0
Configuration: D:\0CODE\AntiGravity\agheal-api\phpunit.xml

.                                                                   1 / 1 (100%)

Time: 00:00.003, Memory: 14.00 MB

There was 1 PHPUnit test runner warning:

1) No tests found in class "Tests\Repositories\BaseRepositoryTest".

OK, but there were issues!
Tests: 1, Assertions: 1, PHPUnit Warnings: 1, PHPUnit Deprecations: 1.
